// Jest Snapshot v1, https://goo.gl/fbAQLP

exports[`Logo renders correctly without props 1`] = `"<div id=\\"logo\\" class=\\"sc-AxiKw hJQgTV\\"><a href=\\"https://www.comparethemarket.com.au\\"><picture class=\\"sc-AxjAm kaRYdH\\"><source srcset=\\"ctm-logo-desktop.svg\\" media=\\"(min-width: 992px)\\"><source srcset=\\"ctm-logo-mobile.svg\\"><img src=\\"ctm-logo-desktop.svg\\" alt=\\"Compare The Market Australia Logo\\" title=\\"Compare The Market Australia\\" class=\\"sc-AxirZ iemiCJ\\"></picture></a></div>"`;
