// Jest Snapshot v1, https://goo.gl/fbAQLP

exports[`Logo renders correctly with minimal props 1`] = `"<div id=\\"logo\\" class=\\"sc-AxiKw hJQgTV\\"><a href=\\"https://www.comparethemarket.com.au\\"><picture class=\\"sc-AxjAm kaRYdH\\"><source srcset=\\"ctm-logo-mobile.svg\\" media=\\"(max-width: 375px\\"><source srcset=\\"ctm-logo-stacked.svg\\" media=\\"(max-width: 1400px\\"><source srcset=\\"ctm-logo-inline.svg\\"><img src=\\"ctm-logo-mobile.svg\\" alt=\\"\\" title=\\"\\" class=\\"sc-AxirZ iemiCJ\\"></picture></a></div>"`;
