// Jest Snapshot v1, https://goo.gl/fbAQLP

exports[`Fieldset renders without props 1`] = `
"<div class=\\"fieldset\\" jsx=\\"true\\"><style jsx=\\"true\\"></style><div class=\\"row \\" jsx=\\"true\\"><style jsx=\\"true\\"></style><div class=\\"label\\"><style></style><div class=\\"col-12 \\"><label class=\\"manor-body1 manor-spacing-label-to-field w-full\\"></label></div></div><style jsx=\\"true\\">.row {
        @apply flex flex-wrap -mx-16;
      }
      </style></div><div class=\\"row \\" jsx=\\"true\\"><style></style><div class=\\"col-sm-10 \\"></div><style jsx=\\"true\\">.row {
        @apply flex flex-wrap -mx-16;
      }
      </style></div><div class=\\"row \\" jsx=\\"true\\"><style></style><div class=\\"col-sm-10 \\"><div class=\\"relative w-full\\"></div></div><style jsx=\\"true\\">.row {
        @apply flex flex-wrap -mx-16;
      }
      </style></div></div>"
`;
