// Jest Snapshot v1, https://goo.gl/fbAQLP

exports[`ProgressIcon renders correctly on Desktop 1`] = `"<span class=\\"progress-icon active  \\"><style></style>3</span>"`;

exports[`ProgressIcon renders correctly on mobile 1`] = `"<span class=\\"progress-icon active  isMobile\\"><style></style>3</span>"`;

exports[`ProgressIcon renders correctly without active property 1`] = `"<span class=\\"progress-icon active  isMobile\\"><style></style>3</span>"`;

exports[`ProgressIcon renders correctly without disabled property 1`] = `"<span class=\\"progress-icon active disabled isMobile\\"><style></style>3</span>"`;

exports[`ProgressIcon renders correctly without label 1`] = `"<span class=\\"progress-icon   isMobile\\"><style></style>3</span>"`;

exports[`ProgressIcon renders with minimal properties 1`] = `"<span class=\\"progress-icon active disabled isMobile\\"><style></style>3</span>"`;
