// Jest Snapshot v1, https://goo.gl/fbAQLP

exports[`CurrencyInput renders with minimal props 1`] = `"<div class=\\"sc-fzozJi kGtXnJ input-wrap\\"><label for=\\"test-id\\" class=\\"sc-AxhUy gVHwhh label\\"></label><div class=\\"sc-fzplWN bYgNDW input-container\\"><div class=\\"sc-fznyAO hbHOfI\\"><div class=\\"sc-fznKkj iCBbHD input-clear-wrap\\"><input id=\\"test-id\\" name=\\"test-id\\" type=\\"tel\\" placeholder=\\"\\" autocomplete=\\"off\\" maxlength=\\"15\\" class=\\"sc-fznZeY ffWQMp input-default \\" value=\\"\\"></div></div></div></div>"`;
