// Jest Snapshot v1, https://goo.gl/fbAQLP

exports[`Currency renders with minimal props 1`] = `"<div class=\\"sc-AxmLO jZYgYI\\"><label for=\\"test-id\\" class=\\"sc-AxhCb hVSPzA label\\"></label><div class=\\"sc-fzpans cKVhrP input-container\\"><div class=\\"sc-fzplWN bWTDrK\\"><div class=\\"sc-fznyAO bhNFAe input-clear-wrap\\"><input id=\\"test-id\\" name=\\"test-id\\" type=\\"tel\\" placeholder=\\"\\" autocomplete=\\"off\\" maxlength=\\"15\\" class=\\"sc-fznKkj eAzjxp input-default \\" value=\\"\\"></div></div></div></div>"`;
