// Jest Snapshot v1, https://goo.gl/fbAQLP

exports[`CurrencyInput renders with minimal props 1`] = `"<div class=\\"sc-fznyAO jOkcyy input-wrap\\"><div class=\\"sc-AxheI dDDuTZ\\"><label for=\\"test-id\\" class=\\"sc-Axmtr cqtVp label\\"></label></div><div class=\\"sc-fzokOt fSgORI input-container\\"><div class=\\"sc-fzqBZW iawtLW\\"><div class=\\"sc-fzqNJr ixJrdr input-clear-wrap\\"><input id=\\"test-id\\" name=\\"test-id\\" type=\\"tel\\" placeholder=\\"\\" autocomplete=\\"off\\" maxlength=\\"15\\" class=\\"sc-fzoyAV cPqiRY input-default \\" value=\\"\\"></div></div></div></div>"`;
