// Jest Snapshot v1, https://goo.gl/fbAQLP

exports[`Input.component renders with minimal props 1`] = `"<div class=\\"sc-fzplWN emlKZO input-wrap\\"><label for=\\"test-id\\" class=\\"sc-AxheI epCesR label\\"></label><div class=\\"sc-fznZeY gkkhKP input-container\\"><div class=\\"sc-fzokOt krwtzC\\"><div class=\\"sc-fzqBZW cbLEVp input-clear-wrap\\"><input id=\\"test-id\\" name=\\"test-id\\" type=\\"text\\" placeholder=\\"\\" autocomplete=\\"off\\" class=\\"sc-fzqNJr hHZqbu input-default \\" value=\\"\\"></div></div></div></div>"`;

exports[`Input.component renders with props 1`] = `"<div class=\\"sc-fzplWN emlKZO input-wrap\\"><label for=\\"test-id\\" class=\\"sc-AxheI epCesR label\\">input label</label><div class=\\"sc-fznZeY gkkhKP input-container\\"><div class=\\"sc-fzokOt krwtzC\\"><div class=\\"sc-fzqBZW cbLEVp input-clear-wrap\\"><input id=\\"test-id\\" name=\\"test-id\\" type=\\"text\\" placeholder=\\"placeholder test\\" autocomplete=\\"on\\" class=\\"sc-fzqNJr hHZqbu input-default \\" value=\\"\\"></div></div></div></div>"`;
