// Jest Snapshot v1, https://goo.gl/fbAQLP

exports[`Picture renders correctly without props 1`] = `
<div>
  <picture
    class="sc-bdVaJa dGIfxd"
  >
    <img
      alt="a placeholder image"
      class="sc-bwzfXH cQRnjt"
      src="placeholder.png"
      title="a placeholder title"
    />
  </picture>
</div>
`;
