// Jest Snapshot v1, https://goo.gl/fbAQLP

exports[`Disclaimer renders with minimal props 1`] = `"<div class=\\"sc-AxgMl eQWDUc\\"><div class=\\"sc-AxirZ kLStni\\"><input id=\\"test\\" name=\\"test\\" type=\\"checkbox\\" role=\\"checkbox\\" aria-checked=\\"false\\" class=\\"sc-AxjAm eESUYP\\"><label for=\\"test\\" class=\\"sc-AxiKw eyjiWN\\"><div class=\\"sc-AxhCb eSiZZL\\"></div></label></div><div class=\\"sc-AxheI eZyqwF\\"></div></div>"`;
