// Jest Snapshot v1, https://goo.gl/fbAQLP

exports[`ColorToggle renders with minimal props 1`] = `"<div class=\\"scoped-toggle black\\"><div class=\\"sc-bdVaJa jnMbrs\\"><input tabindex=\\"0\\" id=\\"test-a\\" type=\\"radio\\" name=\\"\\" class=\\"sc-bwzfXH cTYmDK\\" value=\\"ttt\\"><label for=\\"test-a\\" class=\\"sc-htpNat fdwQdn\\"><div class=\\"sc-bxivhb klybVK\\"><div class=\\"sc-ifAKCX gzOVY\\"><span class=\\"sc-bZQynM fzCajy\\">Black</span><i style=\\"background-color: black;\\" class=\\"sc-EHOje fkQOQu\\"></i></div></div></label></div></div>"`;
