// Jest Snapshot v1, https://goo.gl/fbAQLP

exports[`TextToggle renders with props 1`] = `"<div class=\\"sc-AxjAm kBRMiC\\"><input tabindex=\\"0\\" id=\\"test\\" type=\\"radio\\" name=\\"\\" class=\\"sc-AxirZ exDnLo\\" value=\\"test\\"><label for=\\"test\\" class=\\"sc-AxiKw ikDIEa\\"><div class=\\"sc-AxhCb bxBvvw\\"><div class=\\"sc-AxhUy gsFBrZ\\"><div class=\\"sc-AxgMl inBFXj\\"><div class=\\"sc-AxheI hRqFao\\">hello</div></div></div></div></label></div>"`;
