// Jest Snapshot v1, https://goo.gl/fbAQLP

exports[`ImageToggle renders with props 1`] = `"<div class=\\"sc-AxjAm keHfJL\\"><input tabindex=\\"0\\" id=\\"test-picture-toggle\\" type=\\"radio\\" name=\\"toggles\\" class=\\"sc-AxirZ exDnLo\\" value=\\"test\\" checked=\\"\\"><label for=\\"test-picture-toggle\\" class=\\"sc-AxiKw ikDIEa\\"><div class=\\"sc-AxhCb jOcikB\\"><div class=\\"sc-AxheI QCVbg\\"><div class=\\"sc-Axmtr bzdkyF\\"><picture class=\\"sc-AxhUy gOyhKF\\"><img src=\\"/test/test.jpg\\" alt=\\"test alt\\" title=\\"test title\\" class=\\"sc-AxgMl HpKQS\\"></picture></div><div class=\\"sc-AxmLO jSegvA\\"><div class=\\"sc-fzozJi gyIlcr\\">toggle title</div><div class=\\"sc-fzoLsD fOeHdq\\">test description</div></div></div></div></label></div>"`;
