// Jest Snapshot v1, https://goo.gl/fbAQLP

exports[`Modal renders with minimal props 1`] = `
.c0 {
  background: #FFFFFF;
  box-shadow: 0 1.5rem 3rem 0 rgba(0,0,0,0.11),0 0.5rem 1.5rem 0 rgba(0,0,0,0.08);
  z-index: 50;
  width: 50%;
  min-height: 30rem;
  height: auto;
  pointer-events: auto;
  position: relative;
  -webkit-animation-name: jzgqvH;
  animation-name: jzgqvH;
  -webkit-animation-duration: .3s;
  animation-duration: .3s;
}

.c1 {
  position: absolute;
  top: 2rem;
  right: 2rem;
  cursor: pointer;
}

.c2 {
  padding: 4rem;
}

<div
  class="c0 
    md
    
  "
  id="test-modal"
>
  <div
    aria-label="Close Modal"
    aria-pressed="false"
    class="c1 icon-close"
    role="button"
    tabindex="0"
  >
    <svg
      aria-hidden="true"
      class="svg-inline--fa fa-times fa-w-11 "
      data-icon="times"
      data-prefix="fas"
      focusable="false"
      role="img"
      style="font-size: 2rem;"
      viewBox="0 0 352 512"
      xmlns="http://www.w3.org/2000/svg"
    >
      <path
        d="M242.72 256l100.07-100.07c12.28-12.28 12.28-32.19 0-44.48l-22.24-22.24c-12.28-12.28-32.19-12.28-44.48 0L176 189.28 75.93 89.21c-12.28-12.28-32.19-12.28-44.48 0L9.21 111.45c-12.28 12.28-12.28 32.19 0 44.48L109.28 256 9.21 356.07c-12.28 12.28-12.28 32.19 0 44.48l22.24 22.24c12.28 12.28 32.2 12.28 44.48 0L176 322.72l100.07 100.07c12.28 12.28 32.2 12.28 44.48 0l22.24-22.24c12.28-12.28 12.28-32.19 0-44.48L242.72 256z"
        fill="currentColor"
      />
    </svg>
  </div>
  <div
    class="c2 content"
  />
</div>
`;
