// Jest Snapshot v1, https://goo.gl/fbAQLP

exports[`Modal renders with minimal props 1`] = `
.c0 {
  background: #FFFFFF;
  box-shadow: 0 1.5rem 3rem 0 rgba(0,0,0,0.11),0 0.5rem 1.5rem 0 rgba(0,0,0,0.08);
  z-index: inherit;
  width: 50%;
  min-height: 30rem;
  height: auto;
  pointer-events: auto;
  position: relative;
  -webkit-animation-name: bMDMvv;
  animation-name: bMDMvv;
  -webkit-animation-duration: .3s;
  animation-duration: .3s;
}

.c1 {
  position: absolute;
  right: 2rem;
  top: 2.4rem;
  cursor: pointer;
  z-index: inherit;
  opacity: 0.5;
}

.c2 {
  padding: 4rem;
}

<div
  class="c0 
    md
    
  "
  id="test-modal"
>
  <div
    aria-label="Close Modal"
    aria-pressed="false"
    class="c1 icon-close"
    role="button"
    tabindex="0"
  >
    <svg
      aria-hidden="true"
      class="svg-inline--fa fa-times fa-w-10 fa-2x "
      data-icon="times"
      data-prefix="far"
      focusable="false"
      role="img"
      viewBox="0 0 320 512"
      xmlns="http://www.w3.org/2000/svg"
    >
      <path
        d="M207.6 256l107.72-107.72c6.23-6.23 6.23-16.34 0-22.58l-25.03-25.03c-6.23-6.23-16.34-6.23-22.58 0L160 208.4 52.28 100.68c-6.23-6.23-16.34-6.23-22.58 0L4.68 125.7c-6.23 6.23-6.23 16.34 0 22.58L112.4 256 4.68 363.72c-6.23 6.23-6.23 16.34 0 22.58l25.03 25.03c6.23 6.23 16.34 6.23 22.58 0L160 303.6l107.72 107.72c6.23 6.23 16.34 6.23 22.58 0l25.03-25.03c6.23-6.23 6.23-16.34 0-22.58L207.6 256z"
        fill="currentColor"
      />
    </svg>
  </div>
  <div
    class="c2 content"
  />
</div>
`;
