// Jest Snapshot v1, https://goo.gl/fbAQLP

exports[`Textarea.component.js renders with id prop 1`] = `"<label for=\\"blah\\" class=\\"sc-AxheI epCesR label\\">test</label><div class=\\"sc-fzplWN bYgNDW textarea-wrapper \\"><textarea id=\\"blah\\" name=\\"\\" placeholder=\\"\\" wrap=\\"soft\\" maxlength=\\"\\" aria-describedby=\\"blah-optional-indicator   \\" class=\\"sc-fznyAO gyTBBF\\"></textarea><div class=\\"sc-AxmLO jLeNwM\\"><div class=\\"sc-AxjAm iHueYJ\\">The test field is optional</div><p class=\\"sc-Axmtr VVzWd\\">Optional</p></div></div>"`;

exports[`Textarea.component.js renders with props 1`] = `"<label for=\\"textarea-id\\" class=\\"sc-AxheI epCesR label\\">textarea-label</label><div class=\\"sc-fzplWN bYgNDW textarea-wrapper \\"><textarea id=\\"textarea-id\\" name=\\"textarea-id\\" placeholder=\\"textarea-placeholder\\" wrap=\\"soft\\" maxlength=\\"\\" aria-describedby=\\"textarea-id-optional-indicator   \\" class=\\"sc-fznyAO gyTBBF\\"></textarea><div class=\\"sc-AxmLO jLeNwM\\"><div class=\\"sc-AxjAm iHueYJ\\">The textarea-label field is optional</div><p class=\\"sc-Axmtr VVzWd\\">Optional</p></div></div>"`;
