// Jest Snapshot v1, https://goo.gl/fbAQLP

exports[`Textarea.component.js renders with id prop 1`] = `
"<div class=\\"fieldset\\"><div class=\\"sc-ifAKCX fLIDlj row \\"><div class=\\"sc-bZQynM jOYEpB label\\"><div cols=\\"12\\" class=\\"sc-EHOje cynKkh 
        
      \\"><label class=\\"sc-gzVnrw PpDCH\\">test</label></div></div></div><div class=\\"sc-ifAKCX fLIDlj row \\"><div class=\\"sc-EHOje bPUURX 
        
      \\"><div class=\\"sc-jzJRlG iNJnXl manor-textarea-wrapper   borderless-field \\"><textarea id=\\"blah\\" name=\\"\\" placeholder=\\"\\" wrap=\\"soft\\" maxlength=\\"\\" class=\\"sc-cSHVUG xEsjr 
              manor-textarea-default manor-body2 
               
               
              
            \\" aria-describedby=\\"blah-optional-indicator   \\"></textarea></div></div></div><div class=\\"sc-ifAKCX fLIDlj row \\"><div class=\\"sc-EHOje bPUURX 
        
      \\"><div class=\\"sc-gZMcBi kfTNUG\\"><div class=\\"sc-gqjmRU cunfbu\\"></div><div class=\\"sc-fjdhpX bdugMr supporting-elements\\"><span class=\\"sc-VigVT qTHkb subscript\\" id=\\"blah-optional-indicator\\"><span class=\\"sr-only\\">The test field is </span>Optional</span></div></div></div></div></div>"
`;

exports[`Textarea.component.js renders with props 1`] = `
"<div class=\\"fieldset\\"><div class=\\"sc-ifAKCX fLIDlj row \\"><div class=\\"sc-bZQynM jOYEpB label\\"><div cols=\\"12\\" class=\\"sc-EHOje cynKkh 
        
      \\"><label class=\\"sc-gzVnrw PpDCH\\">textarea-label</label></div></div></div><div class=\\"sc-ifAKCX fLIDlj row \\"><div class=\\"sc-EHOje bPUURX 
        
      \\"><div class=\\"sc-jzJRlG iNJnXl manor-textarea-wrapper    \\"><textarea id=\\"textarea-id\\" name=\\"textarea-id\\" placeholder=\\"textarea-placeholder\\" wrap=\\"soft\\" maxlength=\\"\\" class=\\"sc-cSHVUG kgTQke 
              manor-textarea-default manor-body2 
              manor-textarea-border 
               
              
            \\" aria-describedby=\\"textarea-id-optional-indicator   \\"></textarea></div></div></div><div class=\\"sc-ifAKCX fLIDlj row \\"><div class=\\"sc-EHOje bPUURX 
        
      \\"><div class=\\"sc-gZMcBi kfTNUG\\"><div class=\\"sc-gqjmRU cunfbu\\"></div><div class=\\"sc-fjdhpX bdugMr supporting-elements\\"><span class=\\"sc-VigVT qTHkb subscript\\" id=\\"textarea-id-optional-indicator\\"><span class=\\"sr-only\\">The textarea-label field is </span>Optional</span></div></div></div></div></div>"
`;
