// Jest Snapshot v1, https://goo.gl/fbAQLP

exports[`Textarea.component.js renders with id prop 1`] = `
"<div class=\\"sc-AykKH tctSj row \\"><div class=\\"sc-AykKJ iloKyd label\\"><div cols=\\"12\\" class=\\"sc-AykKI evPkqg 
        
      \\"><label for=\\"blah\\" class=\\"sc-AykKK ksTIgn\\">test</label></div></div></div><div class=\\"sc-AykKH tctSj row sc-fzXfLS crAofN\\"><div cols=\\"10\\" class=\\"sc-AykKI emtNqC 
        
      \\"><div class=\\"sc-fzXfLV bcqksq manor-textarea-wrapper    \\"><textarea id=\\"blah\\" name=\\"\\" placeholder=\\"\\" wrap=\\"soft\\" maxlength=\\"\\" aria-describedby=\\"blah-optional-indicator   \\" class=\\"sc-fzXfLW iSYfOB\\"></textarea><div class=\\"sc-fzXfLP iyEzcG\\"><div class=\\"sc-AykKD ieCbYh\\">The test field is optional</div><p class=\\"sc-fzXfLO fQPKlx\\">Optional</p></div></div></div></div>"
`;

exports[`Textarea.component.js renders with props 1`] = `
"<div class=\\"sc-AykKH tctSj row \\"><div class=\\"sc-AykKJ iloKyd label\\"><div cols=\\"12\\" class=\\"sc-AykKI evPkqg 
        
      \\"><label for=\\"textarea-id\\" class=\\"sc-AykKK ksTIgn\\">textarea-label</label></div></div></div><div class=\\"sc-AykKH tctSj row sc-fzXfLS crAofN\\"><div cols=\\"10\\" class=\\"sc-AykKI emtNqC 
        
      \\"><div class=\\"sc-fzXfLV bcqksq manor-textarea-wrapper    \\"><textarea id=\\"textarea-id\\" name=\\"textarea-id\\" placeholder=\\"textarea-placeholder\\" wrap=\\"soft\\" maxlength=\\"\\" aria-describedby=\\"textarea-id-optional-indicator   \\" class=\\"sc-fzXfLW iSYfOB\\"></textarea><div class=\\"sc-fzXfLP iyEzcG\\"><div class=\\"sc-AykKD ieCbYh\\">The textarea-label field is optional</div><p class=\\"sc-fzXfLO fQPKlx\\">Optional</p></div></div></div></div>"
`;
