// Jest Snapshot v1, https://goo.gl/fbAQLP

exports[`Bar renders correctly 1`] = `"<div class=\\"progress-container  \\"><style></style><progress class=\\"progress \\" max=\\"100\\" value=\\"66\\"></progress><div class=\\"label  forwards\\" style=\\"margin-left: 66vw; right: 4.8rem;\\">66%</div></div>"`;
