// Jest Snapshot v1, https://goo.gl/fbAQLP

exports[`SRonly.component renders correctly with minimal props 1`] = `
.c0 {
  position: absolute;
  width: 1px;
  height: 1px;
  padding: 0;
  margin: -1px;
  overflow: hidden;
  -webkit-clip: rect(0,0,0,0);
  clip: rect(0,0,0,0);
  white-space: nowrap;
  border-width: 0;
}

@media (min-width:1200px) {

}

@media (min-width:1200px) {

}

@media (min-width:1200px) {

}

@media (min-width:1200px) {

}

@media (min-width:1200px) {

}

@media (min-width:1200px) {

}

<div>
  <div
    class="c0"
  />
</div>
`;
