// Jest Snapshot v1, https://goo.gl/fbAQLP

exports[`ToggleGroup renders with minimal props 1`] = `
"<div class=\\"sc-AykKG bNAMPu row \\"><div class=\\"sc-AykKI idyXLU label\\"><div cols=\\"12\\" class=\\"sc-AykKH fmFHzH 
        
      \\"><label class=\\"sc-AykKJ lcxqHW\\"></label></div></div></div><div class=\\"sc-AykKG bNAMPu row sc-fzXfLP gkgSMW\\"><div class=\\"sc-fzXfLQ eehNvH\\"></div><div class=\\"sc-fzXfLR hhHTLI\\"></div></div>"
`;
