// Jest Snapshot v1, https://goo.gl/fbAQLP

exports[`Toggle renders with props 1`] = `"<div class=\\"sc-AykKC XEZCq\\"><input tabindex=\\"0\\" id=\\"test-id\\" type=\\"radio\\" name=\\"\\" class=\\"sc-AykKD ifCYmL\\" value=\\"test\\"><label for=\\"test-id\\" class=\\"sc-AykKE cJrMTk\\"><div class=\\"sc-AykKF eYnlCN\\"><div type=\\"square\\" class=\\"sc-AykKI iqmsDI\\">test label</div></div></label></div>"`;
